// Jest Snapshot v1, https://goo.gl/fbAQLP

exports[`Testing the  user Profile Page component matchs the AdminUserPage component snapshot 1`] = `ShallowWrapper {}`;
