// Jest Snapshot v1, https://goo.gl/fbAQLP

exports[`Testing the MemberCard component should match the member card snapshot 1`] = `ShallowWrapper {}`;
