// Jest Snapshot v1, https://goo.gl/fbAQLP

exports[`Test the bar graph component checks if the bar graph component matches the snapshot 1`] = `ShallowWrapper {}`;
