// Jest Snapshot v1, https://goo.gl/fbAQLP

exports[`Test the Model component checking for proper rendering 1`] = `ShallowWrapper {}`;
