// Jest Snapshot v1, https://goo.gl/fbAQLP

exports[` New password Component component should match the snapshot 1`] = `ShallowWrapper {}`;
