// Jest Snapshot v1, https://goo.gl/fbAQLP

exports[`MetricsCard Component Renders the MetricsCard component 1`] = `ShallowWrapper {}`;
