// Jest Snapshot v1, https://goo.gl/fbAQLP

exports[`Date input component date input  should match snapshot 1`] = `ShallowWrapper {}`;
