// Jest Snapshot v1, https://goo.gl/fbAQLP

exports[`TestContainer matchs the component snapshot 1`] = `ShallowWrapper {}`;
