// Jest Snapshot v1, https://goo.gl/fbAQLP

exports[`AppStatus Component Renders a AppStatus component 1`] = `ShallowWrapper {}`;
