// Jest Snapshot v1, https://goo.gl/fbAQLP

exports[`Test the component checks if TextArea rendered as expected 1`] = `ShallowWrapper {}`;
