// Jest Snapshot v1, https://goo.gl/fbAQLP

exports[`Test the delete warning component checks if the delete warning component matches the snapshot 1`] = `ShallowWrapper {}`;
