// Jest Snapshot v1, https://goo.gl/fbAQLP

exports[`Testing the PVCs Page component matchs the PvcsListPage component snapshot 1`] = `ShallowWrapper {}`;
