// Jest Snapshot v1, https://goo.gl/fbAQLP

exports[`Status Component Renders a Status component 1`] = `ShallowWrapper {}`;
