// Jest Snapshot v1, https://goo.gl/fbAQLP

exports[`Testing the App Metrics Page component matchs the VerificationSentPage component snapshot 1`] = `ShallowWrapper {}`;
