// Jest Snapshot v1, https://goo.gl/fbAQLP

exports[`Testing the PVs Page component matchs the PvsListPage component snapshot 1`] = `ShallowWrapper {}`;
