// Jest Snapshot v1, https://goo.gl/fbAQLP

exports[`Test the component checks if tooltip matches snapshot 1`] = `ShallowWrapper {}`;
