// Jest Snapshot v1, https://goo.gl/fbAQLP

exports[`Test AppsList component matching component snapshot for AppsList 1`] = `ShallowWrapper {}`;
