// Jest Snapshot v1, https://goo.gl/fbAQLP

exports[`Test Time input component time input component should match snapshot 1`] = `ShallowWrapper {}`;
