// Jest Snapshot v1, https://goo.gl/fbAQLP

exports[`LandingPage component test matches rendered component with the existing snapshot 1`] = `ShallowWrapper {}`;
