// Jest Snapshot v1, https://goo.gl/fbAQLP

exports[`Test the LandingFooter component checks if landing footer component rendered correctly 1`] = `ShallowWrapper {}`;
