// Jest Snapshot v1, https://goo.gl/fbAQLP

exports[`Test billing period component billing period component should match snapshot 1`] = `ShallowWrapper {}`;
