// Jest Snapshot v1, https://goo.gl/fbAQLP

exports[`Testing the User Accounts Page component matchs the UserAccounts component snapshot 1`] = `ShallowWrapper {}`;
