// Jest Snapshot v1, https://goo.gl/fbAQLP

exports[`Billing page should render 1`] = `ShallowWrapper {}`;
