// Jest Snapshot v1, https://goo.gl/fbAQLP

exports[`Admin <Login /> Component component should match the snapshot 1`] = `ShallowWrapper {}`;
