// Jest Snapshot v1, https://goo.gl/fbAQLP

exports[`test out component should matchs  component snapshot 1`] = `ShallowWrapper {}`;
