// Jest Snapshot v1, https://goo.gl/fbAQLP

exports[`'FlutterWaveHook Component' Renders a FlutterWaveHook component 1`] = `ShallowWrapper {}`;
