// Jest Snapshot v1, https://goo.gl/fbAQLP

exports[`Testing the MonitoringPage component should match the monitoring page snapshot 1`] = `ShallowWrapper {}`;
