// Jest Snapshot v1, https://goo.gl/fbAQLP

exports[`Test the information bar component checks if the information bar component matches the snapshot 1`] = `ShallowWrapper {}`;
