// Jest Snapshot v1, https://goo.gl/fbAQLP

exports[`NewHeader component test matches the NewHeader snapshot 1`] = `ShallowWrapper {}`;
