// Jest Snapshot v1, https://goo.gl/fbAQLP

exports[`Testing the App Metrics Page component matchs the CreateApp component snapshot 1`] = `ShallowWrapper {}`;
