// Jest Snapshot v1, https://goo.gl/fbAQLP

exports[`Test the cluster card component checks if the cluster card component matches the snapshot 1`] = `ShallowWrapper {}`;
