// Jest Snapshot v1, https://goo.gl/fbAQLP

exports[`Test the nav logo checks for correct rendering of the component 1`] = `ShallowWrapper {}`;
