// Jest Snapshot v1, https://goo.gl/fbAQLP

exports[` components test matching to  snapshots 1`] = `ShallowWrapper {}`;
