// Jest Snapshot v1, https://goo.gl/fbAQLP

exports[`Test the donut chart component checks if the donut chart component matches the snapshot 1`] = `ShallowWrapper {}`;
