// Jest Snapshot v1, https://goo.gl/fbAQLP

exports[`Logo component test checks whether the component rendered with expected elements 1`] = `ShallowWrapper {}`;
